bash-3.2$ ls -l | grep a |
> 
bash-3.2$ ls -l | grep a | |
bash: syntax error near unexpected token `|'
bash-3.2$ ls -l | grep a | | >
bash: syntax error near unexpected token `|'

bash-3.2$ ls -l | | ()
bash: syntax error near unexpected token `|'
bash-3.2$ ls -l > > ()
bash: syntax error near unexpected token `>'


bash-3.2$ ls -l > > ()
bash: syntax error near unexpected token `>'
bash-3.2$ ls -l < < ()
bash: syntax error near unexpected token `<'

bash-3.2$ ls -l >| >
bash: syntax error near unexpected token `>'
bash-3.2$ ls -l >|
bash: syntax error near unexpected token `newline'
bash-3.2$ ls -l >|
bash: syntax error near unexpected token `newline'
bash-3.2$ ls -l >| <
bash: syntax error near unexpected token `<'
bash-3.2$ ls -l > > )
bash: syntax error near unexpected token `>'
bash-3.2$ ls -l >| 
bash: syntax error near unexpected token `newline'
bash-3.2$ ls -l >| cc

bash: syntax error near unexpected token `|'
bash-3.2$ ls -l | grep  () | | ls
bash: syntax error near unexpected token `|'
bash-3.2$ ls -l | grep  () > > ls
bash: syntax error near unexpected token `>'
bash-3.2$ ls -l | grep  () >
bash: syntax error near unexpected token `>'
bash-3.2$ ls -l | grep  <| () 
bash: syntax error near unexpected token `|'
bash-3.2$ ls -l >
bash: syntax error near unexpected token `newline'
bash-3.2$ ls -l () > > )
bash: syntax error near unexpected token `('
bash-3.2$ ls -l () > > ()
bash: syntax error near unexpected token `('
bash-3.2$ ls -l () | | ()
bash: syntax error near unexpected token `('
bash-3.2$ ls -l () | | "()"
bash: syntax error near unexpected token `('
bash-3.2$ ls -l "()" | | "()"
bash: syntax error near unexpected token `|'

pipe pipe > redir sondays
redir sondaysa > redir pipe
redir redir > aÃ§ kapa parantez
redir redir > redir sondaysa
pipe pipe > aÃ§ kapa parantez
redir pipe > redir sondaysa

pipe pipe
redir redir

redir sonda
redir pipe
|| ||
((ls -l | | )))





ec"ho"->

"$US"ER->












int	ret_null(char c)
{
	return ((c >= '1' && c <= '9') || c == '*' || c == '@' || c == '!');
}